// Jest Snapshot v1, https://goo.gl/fbAQLP

exports[`Deal Agent integration with roles renders the component 1`] = `
<Fragment>
  <DealRoleModal
    form={null}
    isOpen={true}
    onClose={[Function]}
    onUpsertRole={[Function]}
  />
</Fragment>
`;
