// Jest Snapshot v1, https://goo.gl/fbAQLP

exports[`Deal Agent integration with roles renders the primary agent component 1`] = `null`;
