// Jest Snapshot v1, https://goo.gl/fbAQLP

exports[`AddDealFile component renders 1`] = `
Object {
  "asFragment": [Function],
  "baseElement": <body>
    <div>
      <div
        aria-disabled="false"
        class="MuiButtonBase-root MuiListItem-root MuiListItem-gutters MuiListItem-button"
        role="button"
        tabindex="0"
      >
        <svg
          class="Icon-rightMargin-3"
          role="presentation"
          style="width: 1.5rem; height: 1.5rem;"
          viewBox="0 0 24 24"
        >
          <path
            d="M12 2A10 10 0 1 0 22 12A10 10 0 0 0 12 2M15 10H11V11H14A1 1 0 0 1 15 12V15A1 1 0 0 1 14 16H13V17H11V16H9V14H13V13H10A1 1 0 0 1 9 12V9A1 1 0 0 1 10 8H11V7H13V8H15Z"
            style="fill: currentColor;"
          />
        </svg>
        Attach from deals
        <span
          class="MuiTouchRipple-root"
        />
      </div>
    </div>
  </body>,
  "container": <div>
    <div
      aria-disabled="false"
      class="MuiButtonBase-root MuiListItem-root MuiListItem-gutters MuiListItem-button"
      role="button"
      tabindex="0"
    >
      <svg
        class="Icon-rightMargin-3"
        role="presentation"
        style="width: 1.5rem; height: 1.5rem;"
        viewBox="0 0 24 24"
      >
        <path
          d="M12 2A10 10 0 1 0 22 12A10 10 0 0 0 12 2M15 10H11V11H14A1 1 0 0 1 15 12V15A1 1 0 0 1 14 16H13V17H11V16H9V14H13V13H10A1 1 0 0 1 9 12V9A1 1 0 0 1 10 8H11V7H13V8H15Z"
          style="fill: currentColor;"
        />
      </svg>
      Attach from deals
      <span
        class="MuiTouchRipple-root"
      />
    </div>
  </div>,
  "debug": [Function],
  "findAllByAltText": [Function],
  "findAllByDisplayValue": [Function],
  "findAllByLabelText": [Function],
  "findAllByPlaceholderText": [Function],
  "findAllByRole": [Function],
  "findAllByTestId": [Function],
  "findAllByText": [Function],
  "findAllByTitle": [Function],
  "findByAltText": [Function],
  "findByDisplayValue": [Function],
  "findByLabelText": [Function],
  "findByPlaceholderText": [Function],
  "findByRole": [Function],
  "findByTestId": [Function],
  "findByText": [Function],
  "findByTitle": [Function],
  "getAllByAltText": [Function],
  "getAllByDisplayValue": [Function],
  "getAllByLabelText": [Function],
  "getAllByPlaceholderText": [Function],
  "getAllByRole": [Function],
  "getAllByTestId": [Function],
  "getAllByText": [Function],
  "getAllByTitle": [Function],
  "getByAltText": [Function],
  "getByDisplayValue": [Function],
  "getByLabelText": [Function],
  "getByPlaceholderText": [Function],
  "getByRole": [Function],
  "getByTestId": [Function],
  "getByText": [Function],
  "getByTitle": [Function],
  "queryAllByAltText": [Function],
  "queryAllByDisplayValue": [Function],
  "queryAllByLabelText": [Function],
  "queryAllByPlaceholderText": [Function],
  "queryAllByRole": [Function],
  "queryAllByTestId": [Function],
  "queryAllByText": [Function],
  "queryAllByTitle": [Function],
  "queryByAltText": [Function],
  "queryByDisplayValue": [Function],
  "queryByLabelText": [Function],
  "queryByPlaceholderText": [Function],
  "queryByRole": [Function],
  "queryByTestId": [Function],
  "queryByText": [Function],
  "queryByTitle": [Function],
  "rerender": [Function],
  "unmount": [Function],
}
`;
