// Jest Snapshot v1, https://goo.gl/fbAQLP

exports[`Deal address component renders with address 1`] = `
<div
  class="makeStyles-container-1"
  title=""
>
  <h6
    class="MuiTypography-root-15 MuiTypography-h6-25"
  >
    1200 Main St
  </h6>
  <button
    class="MuiButtonBase-root-74 MuiButton-root-45 MuiButton-text-47 makeStyles-editButton-2 MuiButton-textSecondary-49 MuiButton-textSizeSmall-60 MuiButton-sizeSmall-66"
    tabindex="0"
    type="button"
  >
    <span
      class="MuiButton-label-46"
    >
      Edit Address
    </span>
  </button>
</div>
`;

exports[`Deal address component renders without address 1`] = `
<div
  class="makeStyles-container-77"
  title=""
>
  <h6
    class="MuiTypography-root-91 MuiTypography-h6-101"
  >
    Some title for a deal without address
  </h6>
  <button
    class="MuiButtonBase-root-150 MuiButton-root-121 MuiButton-text-123 makeStyles-editButton-78 MuiButton-textSecondary-125 MuiButton-textSizeSmall-136 MuiButton-sizeSmall-142"
    tabindex="0"
    type="button"
  >
    <span
      class="MuiButton-label-122"
    >
      + Add Address
    </span>
  </button>
</div>
`;
