// Jest Snapshot v1, https://goo.gl/fbAQLP

exports[`TagsOverlay header renders 1`] = `
<styled__HeaderContainer>
  <flex
    alignCenter={true}
  >
    <styled__Title
      style={
        Object {
          "display": "inline-block",
        }
      }
    >
      manage tags here
    </styled__Title>
  </flex>
  <flex
    alignCenter={true}
  >
    <Link
      onlyActiveOnIndex={false}
      style={
        Object {
          "marginRight": "0.5rem",
          "paddingTop": "0.3rem",
        }
      }
      to="/dashboard/account/manage-tags"
    >
      <_default
        caption="Manage your tags"
        placement="bottom"
      >
        <IconCog
          fillColor={null}
          fillColorRule="&&& path, &&& use, &&& g"
          size={null}
          sizes={Object {}}
          viewBox="0 0 24 24"
        >
          <path
            d="M22.5 9.5h-1.862a8.952 8.952 0 0 0-.763-1.84l1.317-1.316a1.5 1.5 0 0 0 0-2.122l-1.415-1.413a1.5 1.5 0 0 0-2.121 0l-1.318 1.317a8.906 8.906 0 0 0-1.838-.763V1.5A1.5 1.5 0 0 0 13 0h-2a1.5 1.5 0 0 0-1.5 1.5v1.863a8.969 8.969 0 0 0-1.839.763L6.343 2.809a1.5 1.5 0 0 0-2.121 0L2.807 4.223a1.5 1.5 0 0 0 0 2.122l1.318 1.317A8.878 8.878 0 0 0 3.362 9.5H1.5A1.5 1.5 0 0 0 0 11v2a1.5 1.5 0 0 0 1.5 1.5h1.862c.185.64.44 1.257.763 1.839l-1.319 1.319a1.5 1.5 0 0 0 0 2.121l1.414 1.414a1.545 1.545 0 0 0 2.122 0l1.318-1.317a8.98 8.98 0 0 0 1.84.764v1.86A1.5 1.5 0 0 0 11 24h2a1.5 1.5 0 0 0 1.5-1.5v-1.86a8.97 8.97 0 0 0 1.839-.763l1.318 1.317a1.5 1.5 0 0 0 2.121 0l1.414-1.414a1.5 1.5 0 0 0 0-2.121l-1.317-1.317c.322-.583.578-1.2.763-1.84H22.5A1.5 1.5 0 0 0 24 13v-2a1.5 1.5 0 0 0-1.5-1.5zM12 17a5 5 0 1 1 0-9.999A5 5 0 0 1 12 17z"
            key="key-0"
          />
        </IconCog>
      </_default>
    </Link>
    <IconButton
      appearance="icon"
      brandColor=""
      disabled={false}
      iconSize="large"
      inverse={true}
      isActive={false}
      isBlock={false}
      isFit={true}
      onClick={[Function]}
      size="medium"
      type="button"
    >
      <CloseIcon
        viewBox="0 0 24 24"
      >
        <path
          d="M19 6.41L17.59 5 12 10.59 6.41 5 5 6.41 10.59 12 5 17.59 6.41 19 12 13.41 17.59 19 19 17.59 13.41 12z"
          key="key-0"
        />
      </CloseIcon>
    </IconButton>
  </flex>
</styled__HeaderContainer>
`;
